[gtkit.rometheme.pro/garmen/index.html]
[gtkit.rometheme.pro/garmen/xmlrpc.php]
[backblue.gif]
[fade.gif]
[index.html]
[gtkit.rometheme.pro/garmen/wp-content/plugins/template-kit-export/assets/public/template-kit-export-public982a.css]
[gtkit.rometheme.pro/garmen/feed/index.html]
[gtkit.rometheme.pro/garmen/comments/feed/index.html]
[gtkit.rometheme.pro/garmen/wp-content/plugins/rometheme-for-elementor/widgets/assets/css/offcanvas6bc5.css]
[gtkit.rometheme.pro/garmen/wp-content/plugins/rometheme-for-elementor/widgets/assets/css/navmenu6bc5.css]
[gtkit.rometheme.pro/garmen/wp-content/plugins/rometheme-for-elementor/widgets/assets/css/rkit-navmenu6bc5.css]
[gtkit.rometheme.pro/garmen/wp-content/plugins/rometheme-for-elementor/widgets/assets/css/search6bc5.css]
[gtkit.rometheme.pro/garmen/wp-content/plugins/rometheme-for-elementor/widgets/assets/css/rkit-blog-post6bc5.css]
[gtkit.rometheme.pro/garmen/wp-content/plugins/rometheme-for-elementor/widgets/assets/css/rkit-post-block6bc5.css]
[gtkit.rometheme.pro/garmen/wp-content/plugins/rometheme-for-elementor/widgets/assets/css/cta6bc5.css]
[gtkit.rometheme.pro/garmen/wp-content/plugins/rometheme-for-elementor/widgets/assets/css/blockquote6bc5.css]
[gtkit.rometheme.pro/garmen/wp-content/plugins/rometheme-for-elementor/widgets/assets/css/social_share6bc5.css]
[gtkit.rometheme.pro/garmen/wp-content/plugins/rometheme-for-elementor/widgets/assets/css/rkit_team6bc5.css]
[gtkit.rometheme.pro/garmen/wp-content/plugins/rometheme-for-elementor/widgets/assets/css/running_text6bc5.css]
[gtkit.rometheme.pro/garmen/wp-content/plugins/rometheme-for-elementor/widgets/assets/css/animated_heading6bc5.css]
[gtkit.rometheme.pro/garmen/wp-content/plugins/rometheme-for-elementor/widgets/assets/css/card_slider6bc5.css]
[gtkit.rometheme.pro/garmen/wp-content/plugins/rometheme-for-elementor/widgets/assets/css/accordion6bc5.css]
[gtkit.rometheme.pro/garmen/wp-content/plugins/rometheme-for-elementor/widgets/assets/css/testimonial_carousel6bc5.css]
[gtkit.rometheme.pro/garmen/wp-content/plugins/rometheme-for-elementor/widgets/assets/css/swiper-bundle.min6bc5.css]
[gtkit.rometheme.pro/garmen/wp-content/plugins/rometheme-for-elementor/widgets/assets/css/tabs6bc5.css]
[gtkit.rometheme.pro/garmen/wp-content/plugins/rometheme-for-elementor/widgets/assets/css/progress-bar6bc5.css]
[gtkit.rometheme.pro/garmen/wp-content/plugins/rometheme-for-elementor/widgets/assets/css/counter6bc5.css]
[gtkit.rometheme.pro/garmen/wp-content/plugins/rometheme-for-elementor/widgets/assets/css/countdown6bc5.css]
[gtkit.rometheme.pro/garmen/wp-content/plugins/rometheme-for-elementor/widgets/assets/css/pricelist6bc5.css]
[gtkit.rometheme.pro/garmen/wp-content/plugins/rometheme-for-elementor/widgets/assets/css/advanced_heading6bc5.css]
[gtkit.rometheme.pro/garmen/wp-content/plugins/rometheme-for-elementor/widgets/assets/css/image_comparison6bc5.css]
[gtkit.rometheme.pro/garmen/wp-content/plugins/rometheme-for-elementor/widgets/assets/css/postlist6bc5.css]
[gtkit.rometheme.pro/garmen/wp-content/plugins/rometheme-for-elementor/assets/css/rkit6bc5.css]
[gtkit.rometheme.pro/garmen/wp-content/plugins/romethemeform/widgets/assets/css/rtform_text7359.css]
[gtkit.rometheme.pro/garmen/wp-content/plugins/romethemeform/widgets/assets/css/rform7359.css]
[gtkit.rometheme.pro/garmen/wp-content/plugins/romethemeform/widgets/assets/css/spinner-loading7359.css]
[gtkit.rometheme.pro/garmen/wp-content/plugins/romethemeform/widgets/assets/css/rform-button7359.css]
[gtkit.rometheme.pro/garmen/wp-content/plugins/romethemeform/widgets/assets/css/rform-select7359.css]
[gtkit.rometheme.pro/garmen/wp-content/plugins/romethemeform/widgets/assets/css/rform-radiobutton7359.css]
[gtkit.rometheme.pro/garmen/wp-content/plugins/romethemeform/widgets/assets/css/rform-checkbox7359.css]
[gtkit.rometheme.pro/garmen/wp-content/plugins/romethemeform/widgets/assets/css/intlTelInput7359.css]
[gtkit.rometheme.pro/garmen/wp-content/themes/hello-elementor/style.minb12b.css]
[gtkit.rometheme.pro/garmen/wp-content/themes/hello-elementor/theme.minb12b.css]
[gtkit.rometheme.pro/garmen/wp-content/themes/hello-elementor/header-footer.minb12b.css]
[gtkit.rometheme.pro/garmen/wp-content/plugins/elementor/assets/css/frontend.min18be.css]
[gtkit.rometheme.pro/garmen/wp-content/uploads/sites/17/elementor/css/post-3e12a.css]
[gtkit.rometheme.pro/garmen/wp-content/plugins/elementskit-lite/modules/elementskit-icon-pack/assets/css/ekiticonsd617.css]
[gtkit.rometheme.pro/garmen/wp-content/plugins/elementor/assets/lib/eicons/css/elementor-icons.min444a.css]
[gtkit.rometheme.pro/garmen/wp-content/plugins/elementor/assets/lib/swiper/v8/css/swiper.min94a4.css]
[gtkit.rometheme.pro/garmen/wp-content/plugins/elementor/assets/css/conditionals/e-swiper.min18be.css]
[gtkit.rometheme.pro/garmen/wp-content/plugins/elementor/assets/lib/animations/animations.min18be.css]
[gtkit.rometheme.pro/garmen/wp-content/uploads/sites/17/elementor/css/post-19096b1.css]
[gtkit.rometheme.pro/garmen/wp-content/plugins/elementskit-lite/widgets/init/assets/css/responsived617.css]
[gtkit.rometheme.pro/garmen/wp-content/plugins/elementskit-lite/widgets/init/assets/css/widget-stylesd617.css]
[gtkit.rometheme.pro/garmen/wp-content/plugins/elementor/assets/lib/font-awesome/css/fontawesome.min52d5.css]
[gtkit.rometheme.pro/garmen/wp-content/plugins/elementor/assets/lib/font-awesome/css/solid.min52d5.css]
[gtkit.rometheme.pro/garmen/wp-content/plugins/elementor/assets/lib/font-awesome/css/regular.min52d5.css]
[gtkit.rometheme.pro/garmen/wp-includes/js/jquery/jquery.minf43b.js]
[gtkit.rometheme.pro/garmen/wp-includes/js/jquery/jquery-migrate.min5589.js]
[gtkit.rometheme.pro/garmen/wp-content/plugins/rometheme-for-elementor/widgets/assets/js/card_slider6bc5.js]
[gtkit.rometheme.pro/garmen/wp-content/plugins/rometheme-for-elementor/widgets/assets/js/animated_heading6bc5.js]
[gtkit.rometheme.pro/garmen/wp-content/plugins/rometheme-for-elementor/widgets/assets/js/accordion6bc5.js]
[gtkit.rometheme.pro/garmen/wp-content/plugins/rometheme-for-elementor/widgets/assets/js/bar_chart6bc5.js]
[gtkit.rometheme.pro/garmen/wp-content/plugins/rometheme-for-elementor/widgets/assets/js/line_chart6bc5.js]
[gtkit.rometheme.pro/garmen/wp-content/plugins/rometheme-for-elementor/widgets/assets/js/pie_chart6bc5.js]
[gtkit.rometheme.pro/garmen/wp-content/plugins/rometheme-for-elementor/widgets/assets/js/swiper-bundle.min6bc5.js]
[gtkit.rometheme.pro/garmen/wp-content/plugins/romethemeform/widgets/assets/js/rtform_text7359.js]
[gtkit.rometheme.pro/garmen/wp-content/plugins/romethemeform/widgets/assets/js/rform_select7359.js]
[gtkit.rometheme.pro/garmen/wp-content/plugins/romethemeform/widgets/assets/js/rform_tel_input7359.js]
[gtkit.rometheme.pro/garmen/wp-content/plugins/romethemeform/widgets/assets/js/rform7359.js]
[gtkit.rometheme.pro/garmen/wp-content/plugins/romethemeform/widgets/assets/js/intl_tel_input.min7359.js]
[gtkit.rometheme.pro/garmen/wp-content/plugins/template-kit-export/assets/public/template-kit-export-public982a.js]
[gtkit.rometheme.pro/garmen/wp-json/wp/v2/pages/190.json]
[gtkit.rometheme.pro/garmen/wp-json/index.html]
[gtkit.rometheme.pro/garmen/xmlrpc0db0.php]
[gtkit.rometheme.pro/garmen/wp-json/oembed/1.0/embed6353.json]
[gtkit.rometheme.pro/garmen/wp-json/oembed/1.0/embed56fe]
[gtkit.rometheme.pro/garmen/wp-content/uploads/sites/17/2023/02/Logo.png]
[gtkit.rometheme.pro/garmen/wp-content/uploads/sites/17/2023/01/Icon-1.png]
[gtkit.rometheme.pro/garmen/wp-content/uploads/sites/17/2023/01/Icon-2.png]
[gtkit.rometheme.pro/garmen/template-kit/homepage/index.html]
[gtkit.rometheme.pro/garmen/wp-content/uploads/sites/17/2023/01/Icon-3.png]
[gtkit.rometheme.pro/garmen/template-kit/about-us/index.html]
[gtkit.rometheme.pro/garmen/template-kit/service-detail/index.html]
[gtkit.rometheme.pro/garmen/wp-content/uploads/sites/17/2023/01/saleswoman-measures-fabric-in-textile-store-Z5W4B3B.jpg]
[gtkit.rometheme.pro/garmen/template-kit/services/index.html]
[gtkit.rometheme.pro/garmen/template-kit/project/index.html]
[gtkit.rometheme.pro/garmen/template-kit/project-detail/index.html]
[gtkit.rometheme.pro/garmen/template-kit/pricing/index.html]
[gtkit.rometheme.pro/garmen/wp-content/uploads/sites/17/2023/01/cropped-image-of-dressmaker-sewing-cloth-with-sewi-WHDDWPP.jpg]
[gtkit.rometheme.pro/garmen/template-kit/blog/index.html]
[gtkit.rometheme.pro/garmen/template-kit/team/index.html]
[gtkit.rometheme.pro/garmen/template-kit/faq/index.html]
[gtkit.rometheme.pro/garmen/wp-content/uploads/sites/17/2023/01/Service-2.png]
[gtkit.rometheme.pro/garmen/template-kit/single-post/index.html]
[gtkit.rometheme.pro/garmen/wp-content/uploads/sites/17/2023/01/Service-3.png]
[gtkit.rometheme.pro/garmen/template-kit/404-error/index.html]
[gtkit.rometheme.pro/garmen/wp-content/uploads/sites/17/2023/01/Service-6.png]
[gtkit.rometheme.pro/garmen/template-kit/contact-us/index.html]
[gtkit.rometheme.pro/garmen/wp-content/uploads/sites/17/2023/01/Service-4.png]
[gtkit.rometheme.pro/garmen/wp-content/uploads/sites/17/2023/01/Service-5.png]
[gtkit.rometheme.pro/garmen/wp-content/uploads/sites/17/2023/01/Service-1.png]
[gtkit.rometheme.pro/garmen/wp-content/uploads/sites/17/2023/02/Partner-1.png]
[gtkit.rometheme.pro/garmen/wp-content/uploads/sites/17/2023/02/Partner-3.png]
[gtkit.rometheme.pro/garmen/wp-content/uploads/sites/17/2023/02/Partner-5.png]
[gtkit.rometheme.pro/garmen/wp-content/uploads/sites/17/2023/02/Partner-4.png]
[gtkit.rometheme.pro/garmen/wp-content/uploads/sites/17/2023/02/Partner-2.png]
[gtkit.rometheme.pro/garmen/wp-content/uploads/sites/17/2023/02/Partner-7.png]
[gtkit.rometheme.pro/garmen/wp-content/uploads/sites/17/2023/01/portrait-of-a-young-designer-standing-in-an-office-MX6TE8X.jpg]
[gtkit.rometheme.pro/garmen/wp-content/uploads/sites/17/2023/01/catalog-of-multi-colored-fabric-samples-textile-in-VYEXF2Pa.jpg]
[gtkit.rometheme.pro/garmen/wp-content/uploads/sites/17/2023/01/wool-sweater-pattern-PQFWC5Da.jpg]
[gtkit.rometheme.pro/garmen/wp-content/uploads/sites/17/2023/01/linen-JVW23TRa.jpg]
[gtkit.rometheme.pro/garmen/wp-content/uploads/sites/17/2023/01/close-up-background-texture-fabrics-in-blue-shades-VFP7L3Za.jpg]
[gtkit.rometheme.pro/garmen/wp-content/uploads/sites/17/2023/01/cropped-image-of-woman-ironing-fabric-in-jeans-fac-CCSTHE4a.jpg]
[gtkit.rometheme.pro/garmen/wp-content/uploads/sites/17/2023/01/craftsman-choosing-leather-SR4MJDNa.jpg]
[gtkit.rometheme.pro/garmen/wp-content/uploads/sites/17/2023/01/Step-1.png]
[gtkit.rometheme.pro/garmen/wp-content/uploads/sites/17/2023/01/Step-2.png]
[gtkit.rometheme.pro/garmen/wp-content/uploads/sites/17/elementor/css/post-757e12a.css]
[gtkit.rometheme.pro/garmen/wp-content/plugins/elementor/assets/css/widget-icon-list.min18be.css]
[gtkit.rometheme.pro/garmen/wp-content/plugins/elementor/assets/css/widget-social-icons.min18be.css]
[gtkit.rometheme.pro/garmen/wp-content/plugins/elementor/assets/css/conditionals/apple-webkit.min18be.css]
[gtkit.rometheme.pro/garmen/wp-content/plugins/elementor/assets/css/widget-image.min18be.css]
[gtkit.rometheme.pro/garmen/wp-content/plugins/elementor/assets/css/widget-heading.min18be.css]
[gtkit.rometheme.pro/garmen/wp-content/plugins/elementor/assets/css/widget-text-editor.min18be.css]
[gtkit.rometheme.pro/garmen/wp-includes/js/mediaelement/mediaelementplayer-legacy.min1f61.css]
[gtkit.rometheme.pro/garmen/wp-includes/js/mediaelement/wp-mediaelement.min9704.css]
[gtkit.rometheme.pro/garmen/wp-content/plugins/elementor/assets/css/widget-image-box.min18be.css]
[gtkit.rometheme.pro/garmen/wp-content/plugins/elementor/assets/css/widget-spacer.min18be.css]
[gtkit.rometheme.pro/garmen/wp-content/plugins/elementskit-lite/widgets/init/assets/css/odometer-theme-defaultd617.css]
[gtkit.rometheme.pro/garmen/wp-content/plugins/elementor/assets/css/widget-image-carousel.min18be.css]
[gtkit.rometheme.pro/garmen/wp-content/plugins/elementor/assets/css/widget-icon-box.min18be.css]
[gtkit.rometheme.pro/garmen/wp-content/uploads/sites/17/elementor/css/post-732e12a.css]
[gtkit.rometheme.pro/garmen/wp-content/plugins/elementor/assets/css/widget-divider.min18be.css]
[gtkit.rometheme.pro/garmen/wp-content/plugins/elementor/assets/lib/font-awesome/css/brands.min52d5.css]
[gtkit.rometheme.pro/garmen/wp-content/plugins/rometheme-for-elementor/assets/css/rtmicon-regular6bc5.css]
[gtkit.rometheme.pro/garmen/wp-content/plugins/rometheme-for-elementor/widgets/assets/js/offcanvas6bc5.js]
[gtkit.rometheme.pro/garmen/wp-content/plugins/rometheme-for-elementor/widgets/assets/js/navmenu6bc5.js]
[gtkit.rometheme.pro/garmen/wp-content/plugins/rometheme-for-elementor/widgets/assets/js/rkit-navmenu6bc5.js]
[gtkit.rometheme.pro/garmen/wp-content/plugins/rometheme-for-elementor/widgets/assets/js/social_share6bc5.js]
[gtkit.rometheme.pro/garmen/wp-content/plugins/rometheme-for-elementor/widgets/assets/js/running_text6bc5.js]
[cdnjs.cloudflare.com/ajax/libs/Chart.js/3.5.1/chart.min6bc5.js]
[gtkit.rometheme.pro/garmen/wp-content/plugins/rometheme-for-elementor/widgets/assets/js/testimonial_carousel6bc5.js]
[gtkit.rometheme.pro/garmen/wp-content/plugins/rometheme-for-elementor/widgets/assets/js/tabs6bc5.js]
[gtkit.rometheme.pro/garmen/wp-content/plugins/rometheme-for-elementor/widgets/assets/js/progress6bc5.js]
[gtkit.rometheme.pro/garmen/wp-content/plugins/rometheme-for-elementor/widgets/assets/js/counter6bc5.js]
[gtkit.rometheme.pro/garmen/wp-content/plugins/rometheme-for-elementor/widgets/assets/js/countdown6bc5.js]
[gtkit.rometheme.pro/garmen/wp-content/plugins/rometheme-for-elementor/widgets/assets/js/image_comparison6bc5.js]
[gtkit.rometheme.pro/garmen/wp-content/themes/hello-elementor/assets/js/hello-frontend.minb12b.js]
[gtkit.rometheme.pro/garmen/wp-content/plugins/elementskit-lite/libs/framework/assets/js/frontend-scriptd617.js]
[gtkit.rometheme.pro/garmen/wp-content/plugins/elementskit-lite/widgets/init/assets/js/widget-scriptsd617.js]
[gtkit.rometheme.pro/garmen/wp-includes/js/mediaelement/mediaelement-and-player.min1f61.js]
[gtkit.rometheme.pro/garmen/wp-includes/js/mediaelement/mediaelement-migrate.min9704.js]
[gtkit.rometheme.pro/garmen/wp-includes/js/mediaelement/wp-mediaelement.min9704.js]
[gtkit.rometheme.pro/garmen/wp-content/plugins/elementskit-lite/widgets/init/assets/js/odometer.mind617.js]
[gtkit.rometheme.pro/garmen/wp-content/plugins/elementor/assets/js/webpack.runtime.min18be.js]
[gtkit.rometheme.pro/garmen/wp-content/plugins/elementor/assets/js/frontend-modules.min18be.js]
[gtkit.rometheme.pro/garmen/wp-includes/js/jquery/ui/core.minb37e.js]
[gtkit.rometheme.pro/garmen/wp-content/plugins/elementor/assets/js/frontend.min18be.js]
[gtkit.rometheme.pro/garmen/wp-content/plugins/elementskit-lite/widgets/init/assets/js/animate-circle.mind617.js]
[gtkit.rometheme.pro/garmen/wp-content/plugins/elementskit-lite/widgets/init/assets/js/elementord617.js]
[gtkit.rometheme.pro/garmen/index.html]
[gtkit.rometheme.pro/garmen/xmlrpc.php]
[gtkit.rometheme.pro/garmen/wp-content/plugins/template-kit-export/assets/public/template-kit-export-public982a.css]
[gtkit.rometheme.pro/garmen/wp-content/plugins/rometheme-for-elementor/widgets/assets/css/offcanvas6bc5.css]
[gtkit.rometheme.pro/garmen/wp-content/plugins/rometheme-for-elementor/widgets/assets/css/navmenu6bc5.css]
[gtkit.rometheme.pro/garmen/wp-content/plugins/rometheme-for-elementor/widgets/assets/css/headerinfo6bc5.css]
[gtkit.rometheme.pro/garmen/wp-content/plugins/rometheme-for-elementor/widgets/assets/css/rkit-navmenu6bc5.css]
[gtkit.rometheme.pro/garmen/wp-content/plugins/rometheme-for-elementor/widgets/assets/css/search6bc5.css]
[gtkit.rometheme.pro/garmen/wp-content/plugins/rometheme-for-elementor/widgets/assets/css/site_logo6bc5.css]
[gtkit.rometheme.pro/garmen/wp-content/plugins/rometheme-for-elementor/widgets/assets/css/rkit-blog-post6bc5.css]
[gtkit.rometheme.pro/garmen/wp-content/plugins/rometheme-for-elementor/widgets/assets/css/rkit-post-block6bc5.css]
[gtkit.rometheme.pro/garmen/wp-content/plugins/rometheme-for-elementor/widgets/assets/css/cta6bc5.css]
[gtkit.rometheme.pro/garmen/wp-content/plugins/rometheme-for-elementor/widgets/assets/css/blockquote6bc5.css]
[gtkit.rometheme.pro/garmen/wp-content/plugins/rometheme-for-elementor/widgets/assets/css/social_share6bc5.css]
[gtkit.rometheme.pro/garmen/wp-content/plugins/rometheme-for-elementor/widgets/assets/css/rkit_team6bc5.css]
[gtkit.rometheme.pro/garmen/wp-content/plugins/rometheme-for-elementor/widgets/assets/css/running_text6bc5.css]
[gtkit.rometheme.pro/garmen/wp-content/plugins/rometheme-for-elementor/widgets/assets/css/animated_heading6bc5.css]
[gtkit.rometheme.pro/garmen/wp-content/plugins/rometheme-for-elementor/widgets/assets/css/card_slider6bc5.css]
[gtkit.rometheme.pro/garmen/wp-content/plugins/rometheme-for-elementor/widgets/assets/css/accordion6bc5.css]
[gtkit.rometheme.pro/garmen/wp-content/plugins/rometheme-for-elementor/widgets/assets/css/testimonial_carousel6bc5.css]
[gtkit.rometheme.pro/garmen/wp-content/plugins/rometheme-for-elementor/widgets/assets/css/swiper-bundle.min6bc5.css]
[gtkit.rometheme.pro/garmen/wp-content/plugins/rometheme-for-elementor/widgets/assets/css/tabs6bc5.css]
[gtkit.rometheme.pro/garmen/wp-content/plugins/rometheme-for-elementor/widgets/assets/css/progress-bar6bc5.css]
[gtkit.rometheme.pro/garmen/wp-content/plugins/rometheme-for-elementor/widgets/assets/css/counter6bc5.css]
[gtkit.rometheme.pro/garmen/wp-content/plugins/rometheme-for-elementor/widgets/assets/css/countdown6bc5.css]
[gtkit.rometheme.pro/garmen/wp-content/plugins/rometheme-for-elementor/widgets/assets/css/pricelist6bc5.css]
[gtkit.rometheme.pro/garmen/wp-content/plugins/rometheme-for-elementor/widgets/assets/css/advanced_heading6bc5.css]
[gtkit.rometheme.pro/garmen/wp-content/plugins/rometheme-for-elementor/widgets/assets/css/image_comparison6bc5.css]
[gtkit.rometheme.pro/garmen/wp-content/plugins/rometheme-for-elementor/widgets/assets/css/postlist6bc5.css]
[gtkit.rometheme.pro/garmen/wp-content/plugins/rometheme-for-elementor/assets/css/rtmicon-regular.css]
[gtkit.rometheme.pro/garmen/wp-content/plugins/rometheme-for-elementor/assets/css/rtmicon-thin.css]
[gtkit.rometheme.pro/garmen/wp-content/plugins/rometheme-for-elementor/assets/css/rtmicons6bc5.css]
[gtkit.rometheme.pro/garmen/wp-content/plugins/rometheme-for-elementor/assets/css/rkit6bc5.css]
[gtkit.rometheme.pro/garmen/wp-content/plugins/romethemeform/widgets/assets/css/rtform_text7359.css]
[gtkit.rometheme.pro/garmen/wp-content/plugins/romethemeform/widgets/assets/css/rform7359.css]
[gtkit.rometheme.pro/garmen/wp-content/plugins/romethemeform/widgets/assets/css/spinner-loading7359.css]
[gtkit.rometheme.pro/garmen/wp-content/plugins/romethemeform/widgets/assets/css/rform-button7359.css]
[gtkit.rometheme.pro/garmen/wp-content/plugins/romethemeform/widgets/assets/css/rform-select7359.css]
[gtkit.rometheme.pro/garmen/wp-content/plugins/romethemeform/widgets/assets/css/rform-radiobutton7359.css]
[gtkit.rometheme.pro/garmen/wp-content/plugins/romethemeform/widgets/assets/css/rform-checkbox7359.css]
[gtkit.rometheme.pro/garmen/wp-content/plugins/romethemeform/widgets/assets/img/flagsc4ca.png]
[gtkit.rometheme.pro/garmen/wp-content/plugins/romethemeform/widgets/assets/img/flags@2xc4ca.png]
[gtkit.rometheme.pro/garmen/wp-content/plugins/romethemeform/widgets/assets/css/intlTelInput7359.css]
[gtkit.rometheme.pro/garmen/wp-content/themes/hello-elementor/style.minb12b.css]
[gtkit.rometheme.pro/garmen/wp-content/themes/hello-elementor/theme.minb12b.css]
[gtkit.rometheme.pro/garmen/wp-content/themes/hello-elementor/header-footer.minb12b.css]
[gtkit.rometheme.pro/garmen/wp-content/plugins/elementor/assets/css/frontend.min18be.css]
[gtkit.rometheme.pro/garmen/wp-content/uploads/sites/17/elementor/css/post-3e12a.css]
[gtkit.rometheme.pro/garmen/wp-content/plugins/elementskit-lite/modules/elementskit-icon-pack/assets/fonts/elementskit97ac.woff]
[gtkit.rometheme.pro/garmen/wp-content/plugins/elementskit-lite/modules/elementskit-icon-pack/assets/css/ekiticonsd617.css]
[gtkit.rometheme.pro/garmen/wp-content/plugins/elementor/assets/lib/eicons/fonts/eiconsbe76.eot]
[gtkit.rometheme.pro/garmen/wp-content/plugins/elementor/assets/lib/eicons/fonts/eiconsbe76.woff2]
[gtkit.rometheme.pro/garmen/wp-content/plugins/elementor/assets/lib/eicons/fonts/eiconsbe76.woff]
[gtkit.rometheme.pro/garmen/wp-content/plugins/elementor/assets/lib/eicons/css/elementor-icons.min444a.css]
[gtkit.rometheme.pro/garmen/wp-content/plugins/elementor/assets/lib/swiper/v8/css/swiper.min94a4.css]
[gtkit.rometheme.pro/garmen/wp-content/plugins/elementor/assets/css/conditionals/e-swiper.min18be.css]
[gtkit.rometheme.pro/garmen/wp-content/plugins/elementor/assets/lib/animations/animations.min18be.css]
[gtkit.rometheme.pro/garmen/wp-content/plugins/elementor/assets/lib/eicons/fonts/eiconsbe76.svg]
[gtkit.rometheme.pro/garmen/wp-content/uploads/sites/17/2023/01/workshop-production-of-clothing-sewing-machine-P8XLZ35.jpg]
[gtkit.rometheme.pro/garmen/wp-content/plugins/elementor/assets/lib/eicons/fonts/eiconsbe76.ttf]
[gtkit.rometheme.pro/garmen/wp-content/uploads/sites/17/2023/01/professional-sewing-machine-close-up-modern-textil-F9BVMW7.jpg]
[gtkit.rometheme.pro/garmen/wp-content/uploads/sites/17/2023/01/BG-2.png]
[gtkit.rometheme.pro/garmen/wp-content/uploads/sites/17/2023/01/young-tailor-and-his-coworker-using-touchpad-while-39JZT9P.jpg]
[gtkit.rometheme.pro/garmen/wp-content/uploads/sites/17/elementor/css/post-19096b1.css]
[gtkit.rometheme.pro/garmen/wp-content/plugins/elementskit-lite/widgets/init/assets/img/arrow.png]
[gtkit.rometheme.pro/garmen/wp-content/plugins/elementskit-lite/widgets/init/assets/img/sort_asc.png]
[gtkit.rometheme.pro/garmen/wp-content/plugins/elementskit-lite/widgets/init/assets/img/sort_desc.png]
[gtkit.rometheme.pro/garmen/wp-content/plugins/elementskit-lite/widgets/init/assets/img/sort_asc_disabled.png]
[gtkit.rometheme.pro/garmen/wp-content/plugins/elementskit-lite/widgets/init/assets/img/cross-out.svg]
[gtkit.rometheme.pro/garmen/wp-content/plugins/elementskit-lite/widgets/init/assets/css/widget-stylesd617.css]
[gtkit.rometheme.pro/garmen/wp-content/plugins/elementskit-lite/widgets/init/assets/css/responsived617.css]
[gtkit.rometheme.pro/garmen/wp-content/plugins/elementor/assets/lib/font-awesome/css/fontawesome.min52d5.css]
[gtkit.rometheme.pro/garmen/wp-content/plugins/elementor/assets/lib/font-awesome/webfonts/fa-solid-900d41d.eot]
[gtkit.rometheme.pro/garmen/wp-content/plugins/elementor/assets/lib/font-awesome/webfonts/fa-solid-900.eot]
[gtkit.rometheme.pro/garmen/wp-content/plugins/elementor/assets/lib/font-awesome/webfonts/fa-solid-900.woff2]
[gtkit.rometheme.pro/garmen/wp-content/plugins/elementor/assets/lib/font-awesome/webfonts/fa-solid-900.woff]
[gtkit.rometheme.pro/garmen/wp-content/plugins/elementor/assets/lib/font-awesome/webfonts/fa-solid-900.ttf]
[gtkit.rometheme.pro/garmen/wp-content/plugins/elementor/assets/lib/font-awesome/css/solid.min52d5.css]
[gtkit.rometheme.pro/garmen/wp-content/plugins/elementor/assets/lib/font-awesome/webfonts/fa-solid-900.svg]
[gtkit.rometheme.pro/garmen/wp-content/plugins/elementor/assets/lib/font-awesome/webfonts/fa-regular-400.eot]
[gtkit.rometheme.pro/garmen/wp-content/plugins/elementor/assets/lib/font-awesome/webfonts/fa-regular-400d41d.eot]
[gtkit.rometheme.pro/garmen/wp-content/plugins/elementor/assets/lib/font-awesome/webfonts/fa-regular-400.woff2]
[gtkit.rometheme.pro/garmen/wp-content/plugins/elementor/assets/lib/font-awesome/webfonts/fa-regular-400.woff]
[gtkit.rometheme.pro/garmen/wp-content/plugins/elementor/assets/lib/font-awesome/webfonts/fa-regular-400.ttf]
[gtkit.rometheme.pro/garmen/wp-content/plugins/elementor/assets/lib/font-awesome/css/regular.min52d5.css]
[gtkit.rometheme.pro/garmen/wp-content/plugins/elementor/assets/lib/font-awesome/webfonts/fa-regular-400.svg]
[gtkit.rometheme.pro/garmen/wp-content/uploads/sites/17/elementor/css/post-5333b.css]
[gtkit.rometheme.pro/garmen/wp-json/oembed/1.0/embed8e5d.json]
[gtkit.rometheme.pro/garmen/template-kit/homepage/index.html]
[gtkit.rometheme.pro/garmen/wp-json/oembed/1.0/embed47da]
[gtkit.rometheme.pro/garmen/wp-content/uploads/sites/17/elementor/css/post-331fd44.css]
[gtkit.rometheme.pro/garmen/wp-json/oembed/1.0/embed82d3.json]
[gtkit.rometheme.pro/garmen/wp-json/oembed/1.0/embed1c1f]
[gtkit.rometheme.pro/garmen/wp-content/uploads/sites/17/2023/02/portrait-of-young-happy-tailor-at-textile-factory-SP3X4RV.jpg]
[gtkit.rometheme.pro/garmen/wp-content/uploads/sites/17/2023/02/woman-holds-fabric-in-textile-store-83MKS5A.jpg]
[gtkit.rometheme.pro/garmen/wp-content/uploads/sites/17/2023/02/portrait-of-asian-tailor-woman-working-on-clothes-H89ZJUQb.jpg]
[gtkit.rometheme.pro/garmen/wp-content/uploads/sites/17/2023/02/smiling-sewing-workshop-manager-THJLEE8.jpg]
[gtkit.rometheme.pro/garmen/template-kit/about-us/index.html]
[gtkit.rometheme.pro/garmen/wp-content/uploads/sites/17/elementor/css/post-4037e92.css]
[gtkit.rometheme.pro/garmen/wp-json/oembed/1.0/embedabc4.json]
[gtkit.rometheme.pro/garmen/template-kit/services/index.html]
[gtkit.rometheme.pro/garmen/wp-json/oembed/1.0/embedff64]
[gtkit.rometheme.pro/garmen/wp-content/uploads/sites/17/elementor/css/post-4462386.css]
[gtkit.rometheme.pro/garmen/wp-json/oembed/1.0/embed8a26.json]
[gtkit.rometheme.pro/garmen/wp-json/oembed/1.0/embed8ca4]
[gtkit.rometheme.pro/garmen/wp-content/uploads/sites/17/2023/02/man-using-an-industrial-sewing-machine-stitching-a-AV4FGMA.jpg]
[gtkit.rometheme.pro/garmen/wp-content/uploads/sites/17/2023/02/banner-man-sews-clothes-on-sewing-machine-male-tai-RG2HEQV.jpg]
[gtkit.rometheme.pro/garmen/wp-content/uploads/sites/17/2023/02/professional-sewing-machine-close-up-modern-textil-REQUSA6a.jpg]
[gtkit.rometheme.pro/garmen/wp-content/uploads/sites/17/2023/02/close-up-of-production-line-worker-cutting-fabric-PZW4NBZ.jpg]
[gtkit.rometheme.pro/garmen/wp-content/uploads/sites/17/2023/02/happy-tailor-sewing-at-textile-factory-and-looking-NF6EPPU.jpg]
[gtkit.rometheme.pro/garmen/template-kit/service-detail/index.html]
[gtkit.rometheme.pro/garmen/wp-content/uploads/sites/17/elementor/css/post-490d142.css]
[gtkit.rometheme.pro/garmen/wp-json/oembed/1.0/embed618b.json]
[gtkit.rometheme.pro/garmen/wp-json/oembed/1.0/embed692e]
[gtkit.rometheme.pro/garmen/wp-content/uploads/sites/17/2023/02/two-fashion-designers-working-in-studio-28FH4MYa.jpg]
[gtkit.rometheme.pro/garmen/wp-content/uploads/sites/17/elementor/css/post-1120344f.css]
[gtkit.rometheme.pro/garmen/template-kit/project/index.html]
[gtkit.rometheme.pro/garmen/wp-content/uploads/sites/17/elementor/css/post-517ae5c.css]
[gtkit.rometheme.pro/garmen/wp-json/oembed/1.0/embedbccd.json]
[gtkit.rometheme.pro/garmen/wp-json/oembed/1.0/embedc2c7]
[gtkit.rometheme.pro/garmen/wp-content/uploads/sites/17/2023/02/catalog-of-multi-colored-fabric-samples-textile-in-VYEXF2P.jpg]
[gtkit.rometheme.pro/garmen/wp-content/uploads/sites/17/2023/02/catalog-of-multi-colored-fabric-samples-textile-in-JBYLV8H.jpg]
[gtkit.rometheme.pro/garmen/wp-content/uploads/sites/17/2023/02/catalog-of-multi-colored-fabric-samples-textile-in-TXEYEQX.jpg]
[gtkit.rometheme.pro/garmen/template-kit/project-detail/index.html]
[gtkit.rometheme.pro/garmen/wp-content/uploads/sites/17/elementor/css/post-1167bde1.css]
[gtkit.rometheme.pro/garmen/wp-content/uploads/sites/17/elementor/css/post-5535fb6.css]
[gtkit.rometheme.pro/garmen/wp-json/oembed/1.0/embed670e.json]
[gtkit.rometheme.pro/garmen/template-kit/pricing/index.html]
[gtkit.rometheme.pro/garmen/wp-json/oembed/1.0/embed36e5]
[gtkit.rometheme.pro/garmen/wp-content/uploads/sites/17/elementor/css/post-562dc7f.css]
[gtkit.rometheme.pro/garmen/wp-json/oembed/1.0/embed4933.json]
[gtkit.rometheme.pro/garmen/wp-json/oembed/1.0/embedd1f4]
[gtkit.rometheme.pro/garmen/wp-content/uploads/sites/17/2023/02/clothes-designer-holding-fabric-textile-in-hands-PQ9WY7J.jpg]
[gtkit.rometheme.pro/garmen/wp-content/uploads/sites/17/2023/02/happy-black-textile-worker-using-touchpad-and-pape-CCP2Z64.jpg]
[gtkit.rometheme.pro/garmen/wp-content/uploads/sites/17/2023/02/tailor-with-measuring-tape-Z2HN2F9.jpg]
[gtkit.rometheme.pro/garmen/wp-content/uploads/sites/17/2023/02/happy-seamstress-sewing-at-production-line-in-text-6ASFZZW.jpg]
[gtkit.rometheme.pro/garmen/template-kit/team/index.html]
[gtkit.rometheme.pro/garmen/wp-content/uploads/sites/17/elementor/css/post-5711df0.css]
[gtkit.rometheme.pro/garmen/wp-json/oembed/1.0/embed813d.json]
[gtkit.rometheme.pro/garmen/wp-json/oembed/1.0/embed389b]
[gtkit.rometheme.pro/garmen/wp-content/uploads/sites/17/elementor/css/post-1216f93b.css]
[gtkit.rometheme.pro/garmen/template-kit/faq/index.html]
[gtkit.rometheme.pro/garmen/wp-content/uploads/sites/17/elementor/css/post-5843077.css]
[gtkit.rometheme.pro/garmen/wp-json/oembed/1.0/embed7e44.json]
[gtkit.rometheme.pro/garmen/template-kit/blog/index.html]
[gtkit.rometheme.pro/garmen/wp-json/oembed/1.0/embed0719]
[gtkit.rometheme.pro/garmen/wp-content/uploads/sites/17/elementor/css/post-61633f0.css]
[gtkit.rometheme.pro/garmen/wp-json/oembed/1.0/embedf153.json]
[gtkit.rometheme.pro/garmen/wp-json/oembed/1.0/embed558d]
[gtkit.rometheme.pro/garmen/wp-content/uploads/sites/17/2023/02/sewing-department-of-a-textile-factory-interior-XWG2F9B.jpg]
[gtkit.rometheme.pro/garmen/template-kit/single-post/index.html]
[gtkit.rometheme.pro/garmen/wp-content/uploads/sites/17/elementor/css/post-634aea1.css]
[gtkit.rometheme.pro/garmen/wp-json/oembed/1.0/embed2c3d.json]
[gtkit.rometheme.pro/garmen/template-kit/404-error/index.html]
[gtkit.rometheme.pro/garmen/wp-json/oembed/1.0/embed9d0e]
[gtkit.rometheme.pro/garmen/wp-content/uploads/sites/17/elementor/css/post-64552b4.css]
[gtkit.rometheme.pro/garmen/wp-json/oembed/1.0/embed92ca.json]
[gtkit.rometheme.pro/garmen/wp-json/oembed/1.0/embed3a4a]
[gtkit.rometheme.pro/garmen/wp-content/uploads/sites/17/elementor/css/post-12426e60.css]
[gtkit.rometheme.pro/garmen/wp-content/plugins/elementor/assets/css/widget-google_maps.min18be.css]
[gtkit.rometheme.pro/garmen/template-kit/contact-us/index.html]
[gtkit.rometheme.pro/garmen/wp-content/uploads/sites/17/elementor/css/post-757e12a.css]
[gtkit.rometheme.pro/garmen/wp-content/plugins/elementor/assets/css/widget-icon-list.min18be.css]
[gtkit.rometheme.pro/garmen/wp-content/plugins/elementor/assets/css/widget-social-icons.min18be.css]
[gtkit.rometheme.pro/garmen/wp-content/plugins/elementor/assets/css/conditionals/apple-webkit.min18be.css]
[gtkit.rometheme.pro/garmen/wp-content/plugins/elementor/assets/css/widget-image.min18be.css]
[gtkit.rometheme.pro/garmen/wp-content/plugins/elementor/assets/css/widget-heading.min18be.css]
[gtkit.rometheme.pro/garmen/wp-content/plugins/elementor/assets/css/widget-text-editor.min18be.css]
[gtkit.rometheme.pro/garmen/wp-includes/js/mediaelement/mediaelementplayer-legacy.min1f61.css]
[gtkit.rometheme.pro/garmen/wp-includes/js/mediaelement/wp-mediaelement.min9704.css]
[gtkit.rometheme.pro/garmen/wp-content/plugins/elementor/assets/css/widget-image-box.min18be.css]
[gtkit.rometheme.pro/garmen/wp-content/plugins/elementor/assets/css/widget-spacer.min18be.css]
[gtkit.rometheme.pro/garmen/wp-content/plugins/elementskit-lite/widgets/init/assets/css/odometer-theme-defaultd617.css]
[gtkit.rometheme.pro/garmen/wp-content/plugins/elementor/assets/css/widget-image-carousel.min18be.css]
[gtkit.rometheme.pro/garmen/wp-content/plugins/elementor/assets/css/widget-icon-box.min18be.css]
[gtkit.rometheme.pro/garmen/wp-includes/js/mediaelement/mejs-controls.svg]
[gtkit.rometheme.pro/garmen/wp-content/uploads/sites/17/elementor/css/post-732e12a.css]
[gtkit.rometheme.pro/garmen/wp-content/plugins/elementor/assets/css/widget-divider.min18be.css]
[gtkit.rometheme.pro/garmen/wp-content/plugins/elementor/assets/lib/font-awesome/webfonts/fa-brands-400.eot]
[gtkit.rometheme.pro/garmen/wp-content/plugins/elementor/assets/lib/font-awesome/webfonts/fa-brands-400.woff2]
[gtkit.rometheme.pro/garmen/wp-content/plugins/elementor/assets/lib/font-awesome/webfonts/fa-brands-400.woff]
[gtkit.rometheme.pro/garmen/wp-content/plugins/elementor/assets/lib/font-awesome/webfonts/fa-brands-400d41d.eot]
[gtkit.rometheme.pro/garmen/wp-content/plugins/elementor/assets/lib/font-awesome/css/brands.min52d5.css]
[gtkit.rometheme.pro/garmen/wp-content/plugins/elementor/assets/lib/font-awesome/webfonts/fa-brands-400.ttf]
[gtkit.rometheme.pro/garmen/wp-content/plugins/rometheme-for-elementor/assets/fonts/rtmicons/rtmicon-regular2464.eot]
[gtkit.rometheme.pro/garmen/wp-content/plugins/elementor/assets/lib/font-awesome/webfonts/fa-brands-400.svg]
[gtkit.rometheme.pro/garmen/wp-content/plugins/rometheme-for-elementor/assets/fonts/rtmicons/rtmicon-regular2464.woff]
[gtkit.rometheme.pro/garmen/wp-content/plugins/rometheme-for-elementor/assets/fonts/rtmicons/rtmicon-regular2464.ttf]
[gtkit.rometheme.pro/garmen/wp-content/plugins/rometheme-for-elementor/assets/css/rtmicon-regular6bc5.css]
[gtkit.rometheme.pro/garmen/wp-content/plugins/rometheme-for-elementor/assets/css/rtmicon-regular.css]
[gtkit.rometheme.pro/garmen/wp-content/plugins/rometheme-for-elementor/assets/fonts/rtmicons/rtmicon-regular2464.svg]
[gtkit.rometheme.pro/garmen/wp-content/plugins/rometheme-for-elementor/assets/fonts/rtmicons/rtmicon-thin0c2c.eot]
[gtkit.rometheme.pro/garmen/wp-content/plugins/rometheme-for-elementor/assets/fonts/rtmicons/rtmicon-thin0c2c.ttf]
[gtkit.rometheme.pro/garmen/wp-content/plugins/rometheme-for-elementor/assets/fonts/rtmicons/rtmicon-thin0c2c.woff]
[gtkit.rometheme.pro/garmen/wp-content/plugins/rometheme-for-elementor/assets/css/rtmicon-thin.css]
[gtkit.rometheme.pro/garmen/wp-content/plugins/elementor/assets/lib/eicons/fonts/eiconsbe76.svg]
[gtkit.rometheme.pro/garmen/wp-content/plugins/elementskit-lite/widgets/init/assets/img/cross-out.svg]
[gtkit.rometheme.pro/garmen/wp-content/plugins/elementor/assets/lib/font-awesome/webfonts/fa-solid-900.svg]
[gtkit.rometheme.pro/garmen/wp-content/plugins/elementor/assets/lib/font-awesome/webfonts/fa-regular-400.svg]
[gtkit.rometheme.pro/garmen/wp-content/uploads/sites/17/elementor/css/post-5333b.css]
[gtkit.rometheme.pro/garmen/indexc471.html]
[gtkit.rometheme.pro/garmen/wp-content/uploads/sites/17/2023/02/worker-in-textile-industry-sewing-FQEGPTY.jpg]
[gtkit.rometheme.pro/garmen/wp-content/uploads/sites/17/elementor/css/post-331fd44.css]
[gtkit.rometheme.pro/garmen/index371d.html]
[gtkit.rometheme.pro/garmen/wp-content/uploads/sites/17/elementor/css/post-4037e92.css]
[gtkit.rometheme.pro/garmen/index23ea.html]
[gtkit.rometheme.pro/garmen/wp-content/uploads/sites/17/elementor/css/post-4462386.css]
[gtkit.rometheme.pro/garmen/index4fd2.html]
[gtkit.rometheme.pro/garmen/wp-content/uploads/sites/17/elementor/css/post-490d142.css]
[gtkit.rometheme.pro/garmen/indexb015.html]
[gtkit.rometheme.pro/garmen/wp-content/uploads/sites/17/elementor/css/post-1120344f.css]
[gtkit.rometheme.pro/garmen/wp-content/uploads/sites/17/elementor/css/post-517ae5c.css]
[gtkit.rometheme.pro/garmen/index728e.html]
[gtkit.rometheme.pro/garmen/wp-content/uploads/sites/17/elementor/css/post-1167bde1.css]
[gtkit.rometheme.pro/garmen/wp-content/uploads/sites/17/elementor/css/post-5535fb6.css]
[gtkit.rometheme.pro/garmen/indexa7b7.html]
[gtkit.rometheme.pro/garmen/wp-content/uploads/sites/17/elementor/css/post-562dc7f.css]
[gtkit.rometheme.pro/garmen/indexf652.html]
[gtkit.rometheme.pro/garmen/wp-content/uploads/sites/17/elementor/css/post-5711df0.css]
[gtkit.rometheme.pro/garmen/index62bf.html]
[gtkit.rometheme.pro/garmen/wp-content/uploads/sites/17/elementor/css/post-1216f93b.css]
[gtkit.rometheme.pro/garmen/wp-content/uploads/sites/17/elementor/css/post-5843077.css]
[gtkit.rometheme.pro/garmen/index63e6.html]
[gtkit.rometheme.pro/garmen/wp-content/uploads/sites/17/elementor/css/post-61633f0.css]
[gtkit.rometheme.pro/garmen/index8372.html]
[gtkit.rometheme.pro/garmen/wp-content/plugins/rometheme-for-elementor/assets/fonts/rtmicons/rtmicon-thin0c2c.svg]
[gtkit.rometheme.pro/garmen/wp-content/uploads/sites/17/2023/02/background-of-blue-textile-folded-pleats-J92QJH8a.jpg]
[gtkit.rometheme.pro/garmen/wp-content/uploads/sites/17/elementor/css/post-634aea1.css]
[gtkit.rometheme.pro/garmen/index5cd0.html]
[gtkit.rometheme.pro/garmen/wp-content/uploads/sites/17/elementor/css/post-64552b4.css]
[gtkit.rometheme.pro/garmen/indexc725.html]
[gtkit.rometheme.pro/garmen/wp-content/uploads/sites/17/elementor/css/post-12426e60.css]
[gtkit.rometheme.pro/garmen/wp-content/plugins/elementor/assets/css/widget-google_maps.min18be.css]
[gtkit.rometheme.pro/garmen/wp-includes/js/mediaelement/mejs-controls.svg]
[gtkit.rometheme.pro/garmen/wp-content/plugins/elementor/assets/lib/font-awesome/webfonts/fa-brands-400.svg]
[gtkit.rometheme.pro/garmen/wp-content/plugins/rometheme-for-elementor/assets/fonts/rtmicons/rtmicon-regular2464.svg]
[gtkit.rometheme.pro/garmen/wp-content/plugins/rometheme-for-elementor/assets/fonts/rtmicons/rtmicon-thin0c2c.svg]
